mvn : WARNING: A 
terminally 
deprecated method in 
sun.misc.Unsafe has 
been called
En línea: 1 
Carácter: 1
+ mvn test -Dtest=Per
sonaGraphQLController
Test > 
test_output.txt 2>&1
+ ~~~~~~~~~~~~~~~~~~~
~~~~~~~~~~~~~~~~~~~~~
~~~~~~~~~~~~~~~~~~~~~
~~~~~~
    + CategoryInfo   
           : NotSpe  
  cified: (WARNING   
 : A term...has b    
een called:Strin    
g) [], RemoteExc    
eption
    + FullyQualified 
   ErrorId : Native  
  CommandError
 
WARNING: sun.misc.Uns
afe::staticFieldBase 
has been called by co
m.google.inject.inter
nal.aop.HiddenClassDe
finer (file:/C:/Progr
amData/chocolatey/lib
/maven/apache-maven-3
.9.11/lib/guice-5.1.0
-classes.jar)
WARNING: Please 
consider reporting 
this to the 
maintainers of class 
com.google.inject.int
ernal.aop.HiddenClass
Definer
WARNING: sun.misc.Uns
afe::staticFieldBase 
will be removed in a 
future release
[INFO] Scanning for projects...
[INFO] 
[INFO] ---------------------------< com.dev:ultron >---------------------------
[INFO] Building ultron 0.0.1-SNAPSHOT
[INFO]   from pom.xml
[INFO] --------------------------------[ jar ]---------------------------------
[INFO] 
[INFO] --- graphqlcodegen:1.61.5:generate (dgs-codegen) @ ultron ---
[INFO] expanded schema paths: []
[INFO] changed schema files: []
[INFO] no files to generate
[INFO] 
[INFO] --- build-helper:3.6.1:add-source (add-dgs-source) @ ultron ---
[INFO] Source directory: C:\Users\Ultron\Documents\angular\ultron\target\generated-sources added.
[INFO] 
[INFO] --- resources:3.3.1:resources (default-resources) @ ultron ---
[INFO] Copying 1 resource from src\main\resources to target\classes
[INFO] Copying 3 resources from src\main\resources to target\classes
[INFO] 
[INFO] --- compiler:3.14.1:compile (default-compile) @ ultron ---
[INFO] Nothing to compile - all classes are up to date.
[INFO] 
[INFO] --- resources:3.3.1:testResources (default-testResources) @ ultron ---
[INFO] skip non existing resourceDirectory C:\Users\Ultron\Documents\angular\ultron\src\test\resources
[INFO] 
[INFO] --- compiler:3.14.1:testCompile (default-testCompile) @ ultron ---
[INFO] Nothing to compile - all classes are up to date.
[INFO] 
[INFO] --- surefire:3.5.4:test (default-test) @ ultron ---
Downloading from central: https://repo.maven.apache.org/maven2/org/apache/maven/surefire/surefire-api/3.5.4/surefire-api-3.5.4.jar
Progress (1): 0.9/174 kB
Progress (1): 2.3/174 kB
Progress (1): 3.7/174 kB
Progress (1): 5.0/174 kB
Progress (1): 6.4/174 kB
Progress (1): 7.8/174 kB
Progress (1): 9.1/174 kB
Progress (1): 11/174 kB 
Progress (1): 12/174 kB
Progress (1): 13/174 kB
Progress (1): 15/174 kB
Progress (1): 16/174 kB
Progress (1): 17/174 kB
Progress (1): 19/174 kB
Progress (1): 20/174 kB
Progress (1): 21/174 kB
Progress (1): 23/174 kB
Progress (1): 24/174 kB
Progress (1): 26/174 kB
Progress (1): 27/174 kB
Progress (1): 28/174 kB
Progress (1): 30/174 kB
Progress (1): 31/174 kB
Progress (1): 32/174 kB
Progress (1): 34/174 kB
Progress (1): 35/174 kB
Progress (1): 37/174 kB
Progress (1): 38/174 kB
Progress (1): 39/174 kB
Progress (1): 41/174 kB
Progress (1): 42/174 kB
Progress (1): 43/174 kB
Progress (1): 45/174 kB
Progress (1): 46/174 kB
Progress (1): 47/174 kB
Progress (1): 49/174 kB
Progress (1): 50/174 kB
Progress (1): 52/174 kB
Progress (1): 53/174 kB
Progress (1): 54/174 kB
Progress (1): 56/174 kB
Progress (1): 60/174 kB
Progress (1): 64/174 kB
Progress (1): 68/174 kB
Progress (1): 73/174 kB
Progress (1): 77/174 kB
Progress (1): 81/174 kB
Progress (1): 85/174 kB
Progress (1): 90/174 kB
Progress (1): 94/174 kB
Progress (1): 98/174 kB
Progress (1): 102/174 kB
Progress (1): 106/174 kB
Progress (1): 111/174 kB
Progress (1): 115/174 kB
Progress (1): 119/174 kB
Progress (1): 123/174 kB
Progress (1): 128/174 kB
Progress (1): 132/174 kB
Progress (1): 136/174 kB
Progress (1): 140/174 kB
Progress (1): 144/174 kB
Progress (1): 149/174 kB
Progress (1): 153/174 kB
Progress (1): 157/174 kB
Progress (1): 161/174 kB
Progress (1): 166/174 kB
Progress (1): 170/174 kB
Progress (1): 174 kB    
                    
Downloaded from central: https://repo.maven.apache.org/maven2/org/apache/maven/surefire/surefire-api/3.5.4/surefire-api-3.5.4.jar (174 kB at 307 kB/s)
Downloading from central: https://repo.maven.apache.org/maven2/org/apache/maven/surefire/surefire-logger-api/3.5.4/surefire-logger-api-3.5.4.jar
Downloading from central: https://repo.maven.apache.org/maven2/org/apache/maven/surefire/surefire-shared-utils/3.5.4/surefire-shared-utils-3.5.4.jar
Downloading from central: https://repo.maven.apache.org/maven2/org/apache/maven/surefire/surefire-extensions-api/3.5.4/surefire-extensions-api-3.5.4.jar
Downloading from central: https://repo.maven.apache.org/maven2/org/apache/maven/surefire/maven-surefire-common/3.5.4/maven-surefire-common-3.5.4.jar
Downloading from central: https://repo.maven.apache.org/maven2/org/apache/maven/surefire/surefire-booter/3.5.4/surefire-booter-3.5.4.jar
Progress (1): 3.8/26 kB
Progress (1): 8.0/26 kB
Progress (1): 12/26 kB 
Progress (1): 16/26 kB
Progress (1): 21/26 kB
Progress (1): 25/26 kB
Progress (1): 26 kB   
                   
Downloaded from central: https://repo.maven.apache.org/maven2/org/apache/maven/surefire/surefire-extensions-api/3.5.4/surefire-extensions-api-3.5.4.jar (26 kB at 384 kB/s)
Downloading from central: https://repo.maven.apache.org/maven2/org/apache/maven/surefire/surefire-extensions-spi/3.5.4/surefire-extensions-spi-3.5.4.jar
Progress (1): 3.8/8.2 kB
Progress (1): 8.0/8.2 kB
Progress (1): 8.2 kB    
                    
Downloaded from central: https://repo.maven.apache.org/maven2/org/apache/maven/surefire/surefire-extensions-spi/3.5.4/surefire-extensions-spi-3.5.4.jar (8.2 kB at 64 kB/s)
Progress (1): 0.9/314 kB
Progress (1): 2.3/314 kB
Progress (1): 3.4/314 kB
Progress (1): 4.8/314 kB
Progress (1): 6.1/314 kB
Progress (1): 7.5/314 kB
Progress (1): 8.9/314 kB
Progress (1): 10/314 kB 
Progress (1): 12/314 kB
Progress (1): 13/314 kB
Progress (1): 14/314 kB
Progress (1): 16/314 kB
Progress (1): 17/314 kB
Progress (1): 18/314 kB
Progress (1): 20/314 kB
Progress (1): 21/314 kB
Progress (1): 23/314 kB
Progress (1): 24/314 kB
Progress (1): 25/314 kB
Progress (1): 27/314 kB
Progress (1): 28/314 kB
Progress (1): 29/314 kB
Progress (1): 31/314 kB
Progress (1): 32/314 kB
Progress (1): 33/314 kB
Progress (1): 35/314 kB
Progress (1): 36/314 kB
Progress (1): 38/314 kB
Progress (1): 39/314 kB
Progress (1): 40/314 kB
Progress (1): 42/314 kB
Progress (1): 43/314 kB
Progress (1): 44/314 kB
Progress (1): 46/314 kB
Progress (1): 47/314 kB
Progress (1): 49/314 kB
Progress (1): 50/314 kB
Progress (1): 51/314 kB
Progress (1): 53/314 kB
Progress (1): 54/314 kB
Progress (1): 55/314 kB
Progress (1): 60/314 kB
Progress (2): 60/314 kB | 0/2.9 MB
Progress (2): 60/314 kB | 0/2.9 MB
Progress (2): 60/314 kB | 0/2.9 MB
Progress (2): 60/314 kB | 0/2.9 MB
Progress (2): 60/314 kB | 0/2.9 MB
Progress (2): 60/314 kB | 0/2.9 MB
Progress (2): 60/314 kB | 0/2.9 MB
Progress (2): 60/314 kB | 0/2.9 MB
Progress (2): 60/314 kB | 0/2.9 MB
Progress (2): 60/314 kB | 0/2.9 MB
Progress (2): 60/314 kB | 0/2.9 MB
Progress (2): 60/314 kB | 0/2.9 MB
Progress (2): 60/314 kB | 0/2.9 MB
Progress (2): 60/314 kB | 0/2.9 MB
Progress (2): 60/314 kB | 0/2.9 MB
Progress (2): 60/314 kB | 0/2.9 MB
Progress (2): 60/314 kB | 0/2.9 MB
Progress (2): 60/314 kB | 0/2.9 MB
Progress (2): 60/314 kB | 0/2.9 MB
Progress (2): 60/314 kB | 0/2.9 MB
Progress (2): 60/314 kB | 0/2.9 MB
Progress (2): 60/314 kB | 0/2.9 MB
Progress (2): 60/314 kB | 0/2.9 MB
Progress (2): 60/314 kB | 0/2.9 MB
Progress (2): 60/314 kB | 0/2.9 MB
Progress (2): 60/314 kB | 0/2.9 MB
Progress (2): 60/314 kB | 0/2.9 MB
Progress (2): 60/314 kB | 0/2.9 MB
Progress (2): 60/314 kB | 0/2.9 MB
Progress (2): 60/314 kB | 0/2.9 MB
Progress (2): 60/314 kB | 0/2.9 MB
Progress (2): 60/314 kB | 0/2.9 MB
Progress (2): 60/314 kB | 0/2.9 MB
Progress (2): 60/314 kB | 0/2.9 MB
Progress (2): 60/314 kB | 0/2.9 MB
Progress (2): 60/314 kB | 0/2.9 MB
Progress (2): 60/314 kB | 0/2.9 MB
Progress (2): 60/314 kB | 0.1/2.9 MB
Progress (2): 60/314 kB | 0.1/2.9 MB
Progress (2): 60/314 kB | 0.1/2.9 MB
Progress (2): 60/314 kB | 0.1/2.9 MB
Progress (2): 60/314 kB | 0.1/2.9 MB
Progress (2): 60/314 kB | 0.1/2.9 MB
Progress (3): 60/314 kB | 0.1/2.9 MB | 0.9/14 kB
Progress (3): 60/314 kB | 0.1/2.9 MB | 2.3/14 kB
Progress (3): 60/314 kB | 0.1/2.9 MB | 3.7/14 kB
Progress (3): 60/314 kB | 0.1/2.9 MB | 5.0/14 kB
Progress (3): 60/314 kB | 0.1/2.9 MB | 6.4/14 kB
Progress (3): 60/314 kB | 0.1/2.9 MB | 7.8/14 kB
Progress (4): 60/314 kB | 0.1/2.9 MB | 7.8/14 kB | 0.9/119 kB
Progress (4): 60/314 kB | 0.1/2.9 MB | 9.1/14 kB | 0.9/119 kB
Progress (4): 60/314 kB | 0.1/2.9 MB | 11/14 kB | 0.9/119 kB 
Progress (4): 60/314 kB | 0.1/2.9 MB | 11/14 kB | 2.3/119 kB
Progress (4): 60/314 kB | 0.1/2.9 MB | 12/14 kB | 2.3/119 kB
Progress (4): 60/314 kB | 0.1/2.9 MB | 12/14 kB | 3.7/119 kB
Progress (4): 60/314 kB | 0.1/2.9 MB | 13/14 kB | 3.7/119 kB
Progress (4): 60/314 kB | 0.1/2.9 MB | 13/14 kB | 5.0/119 kB
Progress (4): 60/314 kB | 0.1/2.9 MB | 14 kB | 5.0/119 kB   
Progress (4): 60/314 kB | 0.1/2.9 MB | 14 kB | 6.4/119 kB
Progress (4): 60/314 kB | 0.1/2.9 MB | 14 kB | 7.8/119 kB
Progress (4): 60/314 kB | 0.1/2.9 MB | 14 kB | 9.1/119 kB
Progress (4): 60/314 kB | 0.1/2.9 MB | 14 kB | 11/119 kB 
Progress (4): 60/314 kB | 0.1/2.9 MB | 14 kB | 12/119 kB
Progress (4): 60/314 kB | 0.1/2.9 MB | 14 kB | 13/119 kB
Progress (4): 60/314 kB | 0.1/2.9 MB | 14 kB | 15/119 kB
Progress (4): 60/314 kB | 0.1/2.9 MB | 14 kB | 16/119 kB
Progress (4): 60/314 kB | 0.1/2.9 MB | 14 kB | 17/119 kB
Progress (4): 60/314 kB | 0.1/2.9 MB | 14 kB | 19/119 kB
Progress (4): 60/314 kB | 0.1/2.9 MB | 14 kB | 20/119 kB
Progress (4): 60/314 kB | 0.1/2.9 MB | 14 kB | 21/119 kB
Progress (4): 60/314 kB | 0.1/2.9 MB | 14 kB | 23/119 kB
Progress (4): 60/314 kB | 0.1/2.9 MB | 14 kB | 24/119 kB
Progress (4): 60/314 kB | 0.1/2.9 MB | 14 kB | 26/119 kB
Progress (4): 60/314 kB | 0.1/2.9 MB | 14 kB | 27/119 kB
Progress (4): 60/314 kB | 0.1/2.9 MB | 14 kB | 28/119 kB
Progress (4): 60/314 kB | 0.1/2.9 MB | 14 kB | 30/119 kB
Progress (4): 60/314 kB | 0.1/2.9 MB | 14 kB | 31/119 kB
Progress (4): 60/314 kB | 0.1/2.9 MB | 14 kB | 32/119 kB
Progress (4): 60/314 kB | 0.1/2.9 MB | 14 kB | 34/119 kB
Progress (4): 60/314 kB | 0.1/2.9 MB | 14 kB | 35/119 kB
Progress (4): 60/314 kB | 0.1/2.9 MB | 14 kB | 37/119 kB
Progress (4): 60/314 kB | 0.1/2.9 MB | 14 kB | 38/119 kB
Progress (4): 60/314 kB | 0.1/2.9 MB | 14 kB | 39/119 kB
Progress (4): 60/314 kB | 0.1/2.9 MB | 14 kB | 41/119 kB
Progress (4): 60/314 kB | 0.1/2.9 MB | 14 kB | 42/119 kB
Progress (4): 60/314 kB | 0.1/2.9 MB | 14 kB | 43/119 kB
Progress (4): 60/314 kB | 0.1/2.9 MB | 14 kB | 45/119 kB
Progress (4): 60/314 kB | 0.1/2.9 MB | 14 kB | 46/119 kB
Progress (4): 60/314 kB | 0.1/2.9 MB | 14 kB | 47/119 kB
Progress (4): 60/314 kB | 0.1/2.9 MB | 14 kB | 49/119 kB
                                                        
Downloaded from central: https://repo.maven.apache.org/maven2/org/apache/maven/surefire/surefire-logger-api/3.5.4/surefire-logger-api-3.5.4.jar (14 kB at 70 kB/s)
Progress (3): 60/314 kB | 0.1/2.9 MB | 50/119 kB
Progress (3): 60/314 kB | 0.1/2.9 MB | 52/119 kB
Progress (3): 60/314 kB | 0.1/2.9 MB | 53/119 kB
Progress (3): 60/314 kB | 0.1/2.9 MB | 54/119 kB
Progress (3): 60/314 kB | 0.1/2.9 MB | 56/119 kB
Progress (3): 60/314 kB | 0.1/2.9 MB | 60/119 kB
Progress (3): 64/314 kB | 0.1/2.9 MB | 60/119 kB
Progress (3): 68/314 kB | 0.1/2.9 MB | 60/119 kB
Progress (3): 72/314 kB | 0.1/2.9 MB | 60/119 kB
Progress (3): 76/314 kB | 0.1/2.9 MB | 60/119 kB
Progress (3): 81/314 kB | 0.1/2.9 MB | 60/119 kB
Progress (3): 85/314 kB | 0.1/2.9 MB | 60/119 kB
Progress (3): 89/314 kB | 0.1/2.9 MB | 60/119 kB
Progress (3): 93/314 kB | 0.1/2.9 MB | 60/119 kB
Progress (3): 98/314 kB | 0.1/2.9 MB | 60/119 kB
Progress (3): 102/314 kB | 0.1/2.9 MB | 60/119 kB
Progress (3): 106/314 kB | 0.1/2.9 MB | 60/119 kB
Progress (3): 110/314 kB | 0.1/2.9 MB | 60/119 kB
Progress (3): 115/314 kB | 0.1/2.9 MB | 60/119 kB
Progress (3): 115/314 kB | 0.1/2.9 MB | 60/119 kB
Progress (3): 115/314 kB | 0.1/2.9 MB | 60/119 kB
Progress (3): 115/314 kB | 0.1/2.9 MB | 60/119 kB
Progress (3): 115/314 kB | 0.1/2.9 MB | 60/119 kB
Progress (3): 115/314 kB | 0.1/2.9 MB | 60/119 kB
Progress (3): 115/314 kB | 0.1/2.9 MB | 60/119 kB
Progress (3): 119/314 kB | 0.1/2.9 MB | 60/119 kB
Progress (3): 123/314 kB | 0.1/2.9 MB | 60/119 kB
Progress (3): 126/314 kB | 0.1/2.9 MB | 60/119 kB
Progress (3): 126/314 kB | 0.1/2.9 MB | 60/119 kB
Progress (3): 126/314 kB | 0.1/2.9 MB | 60/119 kB
Progress (3): 126/314 kB | 0.1/2.9 MB | 60/119 kB
Progress (3): 126/314 kB | 0.1/2.9 MB | 60/119 kB
Progress (3): 126/314 kB | 0.1/2.9 MB | 60/119 kB
Progress (3): 126/314 kB | 0.1/2.9 MB | 60/119 kB
Progress (3): 126/314 kB | 0.1/2.9 MB | 60/119 kB
Progress (3): 126/314 kB | 0.1/2.9 MB | 60/119 kB
Progress (3): 126/314 kB | 0.1/2.9 MB | 60/119 kB
Progress (3): 126/314 kB | 0.1/2.9 MB | 64/119 kB
Progress (3): 126/314 kB | 0.1/2.9 MB | 68/119 kB
Progress (3): 126/314 kB | 0.1/2.9 MB | 73/119 kB
Progress (3): 126/314 kB | 0.1/2.9 MB | 77/119 kB
Progress (3): 126/314 kB | 0.1/2.9 MB | 81/119 kB
Progress (3): 126/314 kB | 0.1/2.9 MB | 85/119 kB
Progress (3): 126/314 kB | 0.1/2.9 MB | 90/119 kB
Progress (3): 126/314 kB | 0.1/2.9 MB | 94/119 kB
Progress (3): 126/314 kB | 0.1/2.9 MB | 98/119 kB
Progress (3): 126/314 kB | 0.1/2.9 MB | 102/119 kB
Progress (3): 126/314 kB | 0.1/2.9 MB | 106/119 kB
Progress (3): 126/314 kB | 0.1/2.9 MB | 111/119 kB
Progress (3): 126/314 kB | 0.1/2.9 MB | 115/119 kB
Progress (3): 126/314 kB | 0.1/2.9 MB | 119 kB    
Progress (3): 131/314 kB | 0.1/2.9 MB | 119 kB
                                              
Downloaded from central: https://repo.maven.apache.org/maven2/org/apache/maven/surefire/surefire-booter/3.5.4/surefire-booter-3.5.4.jar (119 kB at 592 kB/s)
Progress (2): 135/314 kB | 0.1/2.9 MB
Progress (2): 139/314 kB | 0.1/2.9 MB
Progress (2): 143/314 kB | 0.1/2.9 MB
Progress (2): 147/314 kB | 0.1/2.9 MB
Progress (2): 152/314 kB | 0.1/2.9 MB
Progress (2): 156/314 kB | 0.1/2.9 MB
Progress (2): 160/314 kB | 0.1/2.9 MB
Progress (2): 164/314 kB | 0.1/2.9 MB
Progress (2): 169/314 kB | 0.1/2.9 MB
Progress (2): 173/314 kB | 0.1/2.9 MB
Progress (2): 177/314 kB | 0.1/2.9 MB
Progress (2): 181/314 kB | 0.1/2.9 MB
Progress (2): 185/314 kB | 0.1/2.9 MB
Progress (2): 190/314 kB | 0.1/2.9 MB
Progress (2): 194/314 kB | 0.1/2.9 MB
Progress (2): 198/314 kB | 0.1/2.9 MB
Progress (2): 202/314 kB | 0.1/2.9 MB
Progress (2): 207/314 kB | 0.1/2.9 MB
Progress (2): 211/314 kB | 0.1/2.9 MB
Progress (2): 215/314 kB | 0.1/2.9 MB
Progress (2): 219/314 kB | 0.1/2.9 MB
Progress (2): 224/314 kB | 0.1/2.9 MB
Progress (2): 224/314 kB | 0.1/2.9 MB
Progress (2): 240/314 kB | 0.1/2.9 MB
Progress (2): 240/314 kB | 0.1/2.9 MB
Progress (2): 240/314 kB | 0.1/2.9 MB
Progress (2): 256/314 kB | 0.1/2.9 MB
Progress (2): 257/314 kB | 0.1/2.9 MB
Progress (2): 257/314 kB | 0.1/2.9 MB
Progress (2): 257/314 kB | 0.1/2.9 MB
Progress (2): 257/314 kB | 0.1/2.9 MB
Progress (2): 257/314 kB | 0.2/2.9 MB
Progress (2): 257/314 kB | 0.2/2.9 MB
Progress (2): 257/314 kB | 0.2/2.9 MB
Progress (2): 257/314 kB | 0.2/2.9 MB
Progress (2): 257/314 kB | 0.2/2.9 MB
Progress (2): 257/314 kB | 0.2/2.9 MB
Progress (2): 257/314 kB | 0.2/2.9 MB
Progress (2): 257/314 kB | 0.2/2.9 MB
Progress (2): 257/314 kB | 0.2/2.9 MB
Progress (2): 257/314 kB | 0.2/2.9 MB
Progress (2): 257/314 kB | 0.2/2.9 MB
Progress (2): 257/314 kB | 0.2/2.9 MB
Progress (2): 257/314 kB | 0.2/2.9 MB
Progress (2): 257/314 kB | 0.2/2.9 MB
Progress (2): 257/314 kB | 0.2/2.9 MB
Progress (2): 257/314 kB | 0.2/2.9 MB
Progress (2): 257/314 kB | 0.2/2.9 MB
Progress (2): 257/314 kB | 0.2/2.9 MB
Progress (2): 257/314 kB | 0.3/2.9 MB
Progress (2): 274/314 kB | 0.3/2.9 MB
Progress (2): 290/314 kB | 0.3/2.9 MB
Progress (2): 307/314 kB | 0.3/2.9 MB
Progress (2): 314 kB | 0.3/2.9 MB    
                                 
Downloaded from central: https://repo.maven.apache.org/maven2/org/apache/maven/surefire/maven-surefire-common/3.5.4/maven-surefire-common-3.5.4.jar (314 kB at 1.2 MB/s)
Progress (1): 0.3/2.9 MB
Progress (1): 0.3/2.9 MB
Progress (1): 0.3/2.9 MB
Progress (1): 0.3/2.9 MB
Progress (1): 0.3/2.9 MB
Progress (1): 0.3/2.9 MB
Progress (1): 0.4/2.9 MB
Progress (1): 0.4/2.9 MB
Progress (1): 0.4/2.9 MB
Progress (1): 0.4/2.9 MB
Progress (1): 0.4/2.9 MB
Progress (1): 0.4/2.9 MB
Progress (1): 0.5/2.9 MB
Progress (1): 0.5/2.9 MB
Progress (1): 0.5/2.9 MB
Progress (1): 0.5/2.9 MB
Progress (1): 0.5/2.9 MB
Progress (1): 0.5/2.9 MB
Progress (1): 0.6/2.9 MB
Progress (1): 0.6/2.9 MB
Progress (1): 0.6/2.9 MB
Progress (1): 0.6/2.9 MB
Progress (1): 0.6/2.9 MB
Progress (1): 0.6/2.9 MB
Progress (1): 0.7/2.9 MB
Progress (1): 0.7/2.9 MB
Progress (1): 0.7/2.9 MB
Progress (1): 0.7/2.9 MB
Progress (1): 0.7/2.9 MB
Progress (1): 0.7/2.9 MB
Progress (1): 0.7/2.9 MB
Progress (1): 0.8/2.9 MB
Progress (1): 0.8/2.9 MB
Progress (1): 0.8/2.9 MB
Progress (1): 0.8/2.9 MB
Progress (1): 0.8/2.9 MB
Progress (1): 0.8/2.9 MB
Progress (1): 0.9/2.9 MB
Progress (1): 0.9/2.9 MB
Progress (1): 0.9/2.9 MB
Progress (1): 0.9/2.9 MB
Progress (1): 0.9/2.9 MB
Progress (1): 0.9/2.9 MB
Progress (1): 1.0/2.9 MB
Progress (1): 1.0/2.9 MB
Progress (1): 1.0/2.9 MB
Progress (1): 1.0/2.9 MB
Progress (1): 1.0/2.9 MB
Progress (1): 1.0/2.9 MB
Progress (1): 1.1/2.9 MB
Progress (1): 1.1/2.9 MB
Progress (1): 1.1/2.9 MB
Progress (1): 1.1/2.9 MB
Progress (1): 1.1/2.9 MB
Progress (1): 1.1/2.9 MB
Progress (1): 1.2/2.9 MB
Progress (1): 1.2/2.9 MB
Progress (1): 1.2/2.9 MB
Progress (1): 1.2/2.9 MB
Progress (1): 1.2/2.9 MB
Progress (1): 1.2/2.9 MB
Progress (1): 1.3/2.9 MB
Progress (1): 1.3/2.9 MB
Progress (1): 1.3/2.9 MB
Progress (1): 1.3/2.9 MB
Progress (1): 1.3/2.9 MB
Progress (1): 1.3/2.9 MB
Progress (1): 1.4/2.9 MB
Progress (1): 1.4/2.9 MB
Progress (1): 1.4/2.9 MB
Progress (1): 1.4/2.9 MB
Progress (1): 1.4/2.9 MB
Progress (1): 1.4/2.9 MB
Progress (1): 1.5/2.9 MB
Progress (1): 1.5/2.9 MB
Progress (1): 1.5/2.9 MB
Progress (1): 1.5/2.9 MB
Progress (1): 1.5/2.9 MB
Progress (1): 1.5/2.9 MB
Progress (1): 1.6/2.9 MB
Progress (1): 1.6/2.9 MB
Progress (1): 1.6/2.9 MB
Progress (1): 1.6/2.9 MB
Progress (1): 1.6/2.9 MB
Progress (1): 1.6/2.9 MB
Progress (1): 1.6/2.9 MB
Progress (1): 1.7/2.9 MB
Progress (1): 1.7/2.9 MB
Progress (1): 1.7/2.9 MB
Progress (1): 1.7/2.9 MB
Progress (1): 1.7/2.9 MB
Progress (1): 1.7/2.9 MB
Progress (1): 1.8/2.9 MB
Progress (1): 1.8/2.9 MB
Progress (1): 1.8/2.9 MB
Progress (1): 1.8/2.9 MB
Progress (1): 1.8/2.9 MB
Progress (1): 1.8/2.9 MB
Progress (1): 1.9/2.9 MB
Progress (1): 1.9/2.9 MB
Progress (1): 1.9/2.9 MB
Progress (1): 1.9/2.9 MB
Progress (1): 1.9/2.9 MB
Progress (1): 1.9/2.9 MB
Progress (1): 2.0/2.9 MB
Progress (1): 2.0/2.9 MB
Progress (1): 2.0/2.9 MB
Progress (1): 2.0/2.9 MB
Progress (1): 2.0/2.9 MB
Progress (1): 2.0/2.9 MB
Progress (1): 2.1/2.9 MB
Progress (1): 2.1/2.9 MB
Progress (1): 2.1/2.9 MB
Progress (1): 2.1/2.9 MB
Progress (1): 2.1/2.9 MB
Progress (1): 2.1/2.9 MB
Progress (1): 2.2/2.9 MB
Progress (1): 2.2/2.9 MB
Progress (1): 2.2/2.9 MB
Progress (1): 2.2/2.9 MB
Progress (1): 2.2/2.9 MB
Progress (1): 2.2/2.9 MB
Progress (1): 2.3/2.9 MB
Progress (1): 2.3/2.9 MB
Progress (1): 2.3/2.9 MB
Progress (1): 2.3/2.9 MB
Progress (1): 2.3/2.9 MB
Progress (1): 2.3/2.9 MB
Progress (1): 2.4/2.9 MB
Progress (1): 2.4/2.9 MB
Progress (1): 2.4/2.9 MB
Progress (1): 2.4/2.9 MB
Progress (1): 2.4/2.9 MB
Progress (1): 2.4/2.9 MB
Progress (1): 2.5/2.9 MB
Progress (1): 2.5/2.9 MB
Progress (1): 2.5/2.9 MB
Progress (1): 2.5/2.9 MB
Progress (1): 2.5/2.9 MB
Progress (1): 2.5/2.9 MB
Progress (1): 2.6/2.9 MB
Progress (1): 2.6/2.9 MB
Progress (1): 2.6/2.9 MB
Progress (1): 2.6/2.9 MB
Progress (1): 2.6/2.9 MB
Progress (1): 2.6/2.9 MB
Progress (1): 2.6/2.9 MB
Progress (1): 2.7/2.9 MB
Progress (1): 2.7/2.9 MB
Progress (1): 2.7/2.9 MB
Progress (1): 2.7/2.9 MB
Progress (1): 2.7/2.9 MB
Progress (1): 2.7/2.9 MB
Progress (1): 2.8/2.9 MB
Progress (1): 2.8/2.9 MB
Progress (1): 2.8/2.9 MB
Progress (1): 2.8/2.9 MB
Progress (1): 2.8/2.9 MB
Progress (1): 2.8/2.9 MB
Progress (1): 2.9/2.9 MB
Progress (1): 2.9/2.9 MB
Progress (1): 2.9/2.9 MB
Progress (1): 2.9/2.9 MB
Progress (1): 2.9/2.9 MB
Progress (1): 2.9 MB    
                    
Downloaded from central: https://repo.maven.apache.org/maven2/org/apache/maven/surefire/surefire-shared-utils/3.5.4/surefire-shared-utils-3.5.4.jar (2.9 MB at 4.5 MB/s)
[INFO] Using auto detected provider org.apache.maven.surefire.junitplatform.JUnitPlatformProvider
Downloading from central: https://repo.maven.apache.org/maven2/org/apache/maven/surefire/surefire-junit-platform/3.5.4/surefire-junit-platform-3.5.4.pom
Progress (1): 832 B
Progress (1): 3.9 kB
Progress (1): 5.2 kB
                    
Downloaded from central: https://repo.maven.apache.org/maven2/org/apache/maven/surefire/surefire-junit-platform/3.5.4/surefire-junit-platform-3.5.4.pom (5.2 kB at 81 kB/s)
Downloading from central: https://repo.maven.apache.org/maven2/org/apache/maven/surefire/surefire-providers/3.5.4/surefire-providers-3.5.4.pom
Progress (1): 844 B
Progress (1): 2.5 kB
                    
Downloaded from central: https://repo.maven.apache.org/maven2/org/apache/maven/surefire/surefire-providers/3.5.4/surefire-providers-3.5.4.pom (2.5 kB at 45 kB/s)
Downloading from central: https://repo.maven.apache.org/maven2/org/apache/maven/surefire/common-java5/3.5.4/common-java5-3.5.4.pom
Progress (1): 839 B
Progress (1): 2.8 kB
Progress (1): 3.1 kB
                    
Downloaded from central: https://repo.maven.apache.org/maven2/org/apache/maven/surefire/common-java5/3.5.4/common-java5-3.5.4.pom (3.1 kB at 53 kB/s)
Downloading from central: https://repo.maven.apache.org/maven2/org/apache/maven/surefire/surefire-junit-platform/3.5.4/surefire-junit-platform-3.5.4.jar
Progress (1): 7.7/35 kB
Progress (1): 16/35 kB 
Progress (1): 32/35 kB
Progress (1): 35 kB   
                   
Downloaded from central: https://repo.maven.apache.org/maven2/org/apache/maven/surefire/surefire-junit-platform/3.5.4/surefire-junit-platform-3.5.4.jar (35 kB at 572 kB/s)
Downloading from central: https://repo.maven.apache.org/maven2/org/apache/maven/surefire/common-java5/3.5.4/common-java5-3.5.4.jar
Progress (1): 7.7/18 kB
Progress (1): 16/18 kB 
Progress (1): 18 kB   
                   
Downloaded from central: https://repo.maven.apache.org/maven2/org/apache/maven/surefire/common-java5/3.5.4/common-java5-3.5.4.jar (18 kB at 271 kB/s)
Downloading from central: https://repo.maven.apache.org/maven2/org/junit/platform/junit-platform-launcher/6.0.1/junit-platform-launcher-6.0.1.pom
Progress (1): 967 B
Progress (1): 3.2 kB
                    
Downloaded from central: https://repo.maven.apache.org/maven2/org/junit/platform/junit-platform-launcher/6.0.1/junit-platform-launcher-6.0.1.pom (3.2 kB at 43 kB/s)
Downloading from central: https://repo.maven.apache.org/maven2/org/junit/platform/junit-platform-launcher/6.0.1/junit-platform-launcher-6.0.1.jar
Progress (1): 7.7/246 kB
Progress (1): 16/246 kB 
Progress (1): 32/246 kB
Progress (1): 49/246 kB
Progress (1): 65/246 kB
Progress (1): 81/246 kB
Progress (1): 98/246 kB
Progress (1): 114/246 kB
Progress (1): 131/246 kB
Progress (1): 147/246 kB
Progress (1): 163/246 kB
Progress (1): 180/246 kB
Progress (1): 196/246 kB
Progress (1): 213/246 kB
Progress (1): 229/246 kB
Progress (1): 245/246 kB
Progress (1): 246 kB    
                    
Downloaded from central: https://repo.maven.apache.org/maven2/org/junit/platform/junit-platform-launcher/6.0.1/junit-platform-launcher-6.0.1.jar (246 kB at 2.4 MB/s)
[INFO] 
[INFO] -------------------------------------------------------
[INFO]  T E S T S
[INFO] -------------------------------------------------------
[INFO] Running com.dev.ultron.controller.PersonaGraphQLControllerTest
[ERROR] Tests run: 1, Failures: 0, Errors: 1, Skipped: 0, Time elapsed: 0.038 s <<< FAILURE! -- in com.dev.ultron.controller.PersonaGraphQLControllerTest
[ERROR] com.dev.ultron.controller.PersonaGraphQLControllerTest.registrarPersonaConBienes -- Time elapsed: 0.010 s <<< ERROR!
java.lang.Error: 
Unresolved compilation problems: 
	The import org.springframework.boot.test.autoconfigure.graphql cannot be resolved
	The import org.springframework.boot.test.mock.mockito cannot be resolved
	GraphQlTest cannot be resolved to a type
	MockBean cannot be resolved to a type

	at com.dev.ultron.controller.PersonaGraphQLControllerTest.<init>(PersonaGraphQLControllerTest.java:8)

[INFO] 
[INFO] Results:
[INFO] 
[ERROR] Errors: 
[ERROR]   PersonaGraphQLControllerTest.<init>:8  Unresolved compilation problems: 
	The import org.springframework.boot.test.autoconfigure.graphql cannot be resolved
	The import org.springframework.boot.test.mock.mockito cannot be resolved
	GraphQlTest cannot be resolved to a type
	MockBean cannot be resolved to a type

[INFO] 
[ERROR] Tests run: 1, Failures: 0, Errors: 1, Skipped: 0
[INFO] 
[INFO] ------------------------------------------------------------------------
[INFO] BUILD FAILURE
[INFO] ------------------------------------------------------------------------
[INFO] Total time:  4.914 s
[INFO] Finished at: 2026-02-04T19:30:46-03:00
[INFO] ------------------------------------------------------------------------
[ERROR] Failed to execute goal org.apache.maven.plugins:maven-surefire-plugin:3.5.4:test (default-test) on project ultron: 
[ERROR] 
[ERROR] See C:\Users\Ultron\Documents\angular\ultron\target\surefire-reports for the individual test results.
[ERROR] See dump files (if any exist) [date].dump, [date]-jvmRun[N].dump and [date].dumpstream.
[ERROR] -> [Help 1]
[ERROR] 
[ERROR] To see the full stack trace of the errors, re-run Maven with the -e switch.
[ERROR] Re-run Maven using the -X switch to enable full debug logging.
[ERROR] 
[ERROR] For more information about the errors and possible solutions, please read the following articles:
[ERROR] [Help 1] http://cwiki.apache.org/confluence/display/MAVEN/MojoFailureException
